COMPREHENSIVE API ROUTE TESTING
============================================================

1. HEALTH CHECK
  [PASS] [200] GET /api/health -- OK

2. AUTH ROUTES
  [PASS] [400] POST /auth/login (empty) -- Missing credentials
  [PASS] [401] POST /auth/login (wrong pwd) -- Invalid credentials
  [PASS] [401] POST /auth/login (no user) -- Invalid credentials
  [PASS] [200] POST /auth/login (system_admin) -- role=system_admin
  [PASS] [200] POST /auth/login (admin) -- role=admin, org=org_demo_001
  [PASS] [200] POST /auth/login (business_owner) -- role=business_owner
  [PASS] [200] POST /auth/login (employee) -- role=employee
  [PASS] [200] GET /auth/profile (employee) -- Charlie Employee
  [PASS] [200] GET /auth/me (employee) -- Charlie Employee
  [PASS] [200] GET /auth/me (system_admin) -- Logithkumar
  [PASS] [401] GET /auth/profile (no token) -- Unauthorized

3. ADMIN ROUTES
  [PASS] [200] GET /admin/dashboard/stats (admin) -- total=11
  [PASS] [200] GET /admin/dashboard/stats (BO)
  [PASS] [401] GET /admin/dashboard/stats (no auth)
  [PASS] [403] GET /admin/dashboard/stats (employee) -- Forbidden: Admin or Business Owner access required
  [PASS] [200] GET /admin/employees -- count=11
  [PASS] [200] GET /admin/employees/active -- count=8
  [PASS] [200] GET /admin/employees/:id -- Charlie Employee
  [PASS] [404] GET /admin/employees/:id (404) -- Employee not found
  [PASS] [200] GET /admin/employees/search/:term -- count=1
  [PASS] [200] GET /admin/employees/department/:dept -- count=2
  [PASS] [200] GET /admin/employees/created-by-me -- count=6
  [PASS] [201] POST /admin/employees (create) -- Test Employee API
  [PASS] [200] PUT /admin/employees/:id (update) -- Senior QA
  [PASS] [200] DELETE /admin/employees/:id -- Employee deleted successfully
  [PASS] [200] POST /admin/employees/:id/restore -- Employee restored successfully
  [PASS] [200] GET /admin/attendance -- count=36
  [PASS] [200] GET /admin/attendance/summary
  [PASS] [200] GET /admin/leaves -- count=16
  [PASS] [200] GET /admin/leaves/pending -- count=7
  [PASS] [200] GET /admin/leaves/stats/summary
  [PASS] [200] GET /admin/quota
  [PASS] [200] GET /admin/quota/check
  [PASS] [200] GET /admin/admins/quota-status (BO) -- count=2
  [PASS] [200] GET /admin/organization -- Demo Company Ltd

4. ATTENDANCE ROUTES (Employee)
  [PASS] [200] GET /attendance/today
  [PASS] [200] POST /attendance/record (Check In)
  [PASS] [200] GET /attendance/my-records
  [PASS] [200] GET /attendance/weekly-hours
  [PASS] [200] POST /attendance/record (Check Out)

5. LEAVE ROUTES
  [PASS] [200] GET /leave/balance
  [PASS] [200] GET /leave/my-leaves
  [PASS] [201] POST /leave/apply -- pending
  [PASS] [200] GET /leave/:leaveId -- pending
  [PASS] [200] PUT /leave/:leaveId -- Leave request updated successfully
  [PASS] [200] GET /leave/upcoming
  [PASS] [200] GET /leave/stats/my-stats
  [PASS] [200] GET /leave/all (admin) -- count=17
  [PASS] [200] PUT /leave/:id/status (approve) -- Leave request approved successfully

6. SYSTEM ADMIN ROUTES
  [PASS] [200] GET /system-admin/organizations -- count=3
  [PASS] [200] GET /system-admin/organizations/active
  [PASS] [200] GET /system-admin/organizations/inactive
  [PASS] [200] GET /system-admin/organizations/:id -- Demo Company Ltd
  [PASS] [200] GET /system-admin/organizations/:id/quota
  [PASS] [200] GET /system-admin/dashboard/stats
  [PASS] [403] GET /system-admin/orgs (wrong role) -- Forbidden: System Admin access only

7. HIKVISION EVENT ROUTES
  [PASS] [200] GET /event
  [PASS] [200] POST /event (empty)

8. ERROR HANDLING
  [PASS] [404] GET /nonexistent/route

============================================================
TEST SUMMARY
============================================================
Total: 60  |  PASS: 60  |  FAIL: 0

BY CATEGORY:
  OK  Health: 1 pass, 0 fail
  OK  Auth: 11 pass, 0 fail
  OK  Admin: 24 pass, 0 fail
  OK  Attendance: 5 pass, 0 fail
  OK  Leave: 9 pass, 0 fail
  OK  SysAdmin: 7 pass, 0 fail
  OK  Hikvision: 2 pass, 0 fail
  OK  Error: 1 pass, 0 fail